This file contains any messages produced by compilers while
running configure, to aid debugging if configure makes a mistake.

It was created by xsoldier configure 1.8, which was
generated by GNU Autoconf 2.68.  Invocation command line was

  $ ./configure --enable-debug

## --------- ##
## Platform. ##
## --------- ##

hostname = south
uname -m = x86_64
uname -r = 6.8.0-90-generic
uname -s = Linux
uname -v = #91~22.04.1-Ubuntu SMP PREEMPT_DYNAMIC Thu Nov 20 15:20:45 UTC 2

/usr/bin/uname -p = x86_64
/bin/uname -X     = unknown

/bin/arch              = x86_64
/usr/bin/arch -k       = unknown
/usr/convex/getsysinfo = unknown
/usr/bin/hostinfo      = unknown
/bin/machine           = unknown
/usr/bin/oslevel       = unknown
/bin/universe          = unknown

PATH: /home/user/.cargo/bin
PATH: /usr/local/sbin
PATH: /usr/local/bin
PATH: /usr/sbin
PATH: /usr/bin
PATH: /sbin
PATH: /bin
PATH: /usr/games
PATH: /usr/local/games
PATH: /snap/bin
PATH: /snap/bin


## ----------- ##
## Core tests. ##
## ----------- ##

configure:2254: checking for a BSD-compatible install
configure:2322: result: /usr/bin/install -c
configure:2333: checking whether build environment is sane
configure:2383: result: yes
configure:2524: checking for a thread-safe mkdir -p
configure:2563: result: /usr/bin/mkdir -p
configure:2576: checking for gawk
configure:2592: found /usr/bin/gawk
configure:2603: result: gawk
configure:2614: checking whether make sets $(MAKE)
configure:2636: result: yes
configure:2711: checking how to create a ustar tar archive
configure:2724: tar --version
tar (GNU tar) 1.34
Copyright (C) 2021 Free Software Foundation, Inc.
License GPLv3+: GNU GPL version 3 or later <https://gnu.org/licenses/gpl.html>.
This is free software: you are free to change and redistribute it.
There is NO WARRANTY, to the extent permitted by law.

Written by John Gilmore and Jay Fenlason.
configure:2727: $? = 0
configure:2767: tardir=conftest.dir && eval tar --format=ustar -chf - "$tardir" >conftest.tar
configure:2770: $? = 0
configure:2774: tar -xf - <conftest.tar
configure:2777: $? = 0
configure:2790: result: gnutar
configure:2811: checking for gawk
configure:2838: result: gawk
configure:2897: checking for gcc
configure:2913: found /usr/bin/gcc
configure:2924: result: gcc
configure:3153: checking for C compiler version
configure:3162: gcc --version >&5
gcc (Ubuntu 11.4.0-1ubuntu1~22.04.2) 11.4.0
Copyright (C) 2021 Free Software Foundation, Inc.
This is free software; see the source for copying conditions.  There is NO
warranty; not even for MERCHANTABILITY or FITNESS FOR A PARTICULAR PURPOSE.

configure:3173: $? = 0
configure:3162: gcc -v >&5
Using built-in specs.
COLLECT_GCC=gcc
COLLECT_LTO_WRAPPER=/usr/lib/gcc/x86_64-linux-gnu/11/lto-wrapper
OFFLOAD_TARGET_NAMES=nvptx-none:amdgcn-amdhsa
OFFLOAD_TARGET_DEFAULT=1
Target: x86_64-linux-gnu
Configured with: ../src/configure -v --with-pkgversion='Ubuntu 11.4.0-1ubuntu1~22.04.2' --with-bugurl=file:///usr/share/doc/gcc-11/README.Bugs --enable-languages=c,ada,c++,go,brig,d,fortran,objc,obj-c++,m2 --prefix=/usr --with-gcc-major-version-only --program-suffix=-11 --program-prefix=x86_64-linux-gnu- --enable-shared --enable-linker-build-id --libexecdir=/usr/lib --without-included-gettext --enable-threads=posix --libdir=/usr/lib --enable-nls --enable-bootstrap --enable-clocale=gnu --enable-libstdcxx-debug --enable-libstdcxx-time=yes --with-default-libstdcxx-abi=new --enable-gnu-unique-object --disable-vtable-verify --enable-plugin --enable-default-pie --with-system-zlib --enable-libphobos-checking=release --with-target-system-zlib=auto --enable-objc-gc=auto --enable-multiarch --disable-werror --enable-cet --with-arch-32=i686 --with-abi=m64 --with-multilib-list=m32,m64,mx32 --enable-multilib --with-tune=generic --enable-offload-targets=nvptx-none=/build/gcc-11-2Y5pKs/gcc-11-11.4.0/debian/tmp-nvptx/usr,amdgcn-amdhsa=/build/gcc-11-2Y5pKs/gcc-11-11.4.0/debian/tmp-gcn/usr --without-cuda-driver --enable-checking=release --build=x86_64-linux-gnu --host=x86_64-linux-gnu --target=x86_64-linux-gnu --with-build-config=bootstrap-lto-lean --enable-link-serialization=2
Thread model: posix
Supported LTO compression algorithms: zlib zstd
gcc version 11.4.0 (Ubuntu 11.4.0-1ubuntu1~22.04.2) 
... rest of stderr output deleted ...
configure:3173: $? = 0
configure:3162: gcc -V >&5
gcc: error: unrecognized command-line option '-V'
gcc: fatal error: no input files
compilation terminated.
configure:3173: $? = 1
configure:3162: gcc -qversion >&5
gcc: error: unrecognized command-line option '-qversion'; did you mean '--version'?
gcc: fatal error: no input files
compilation terminated.
configure:3173: $? = 1
configure:3193: checking whether the C compiler works
configure:3215: gcc    conftest.c  >&5
configure:3219: $? = 0
configure:3267: result: yes
configure:3270: checking for C compiler default output file name
configure:3272: result: a.out
configure:3278: checking for suffix of executables
configure:3285: gcc -o conftest    conftest.c  >&5
configure:3289: $? = 0
configure:3311: result: 
configure:3333: checking whether we are cross compiling
configure:3341: gcc -o conftest    conftest.c  >&5
configure:3345: $? = 0
configure:3352: ./conftest
configure:3356: $? = 0
configure:3371: result: no
configure:3376: checking for suffix of object files
configure:3398: gcc -c   conftest.c >&5
configure:3402: $? = 0
configure:3423: result: o
configure:3427: checking whether we are using the GNU C compiler
configure:3446: gcc -c   conftest.c >&5
configure:3446: $? = 0
configure:3455: result: yes
configure:3464: checking whether gcc accepts -g
configure:3484: gcc -c -g  conftest.c >&5
configure:3484: $? = 0
configure:3525: result: yes
configure:3542: checking for gcc option to accept ISO C89
configure:3606: gcc  -c -g -O2  conftest.c >&5
configure:3606: $? = 0
configure:3619: result: none needed
configure:3650: checking for style of include used by make
configure:3678: result: GNU
configure:3703: checking dependency style of gcc
configure:3813: result: gcc3
configure:3834: checking how to run the C preprocessor
configure:3865: gcc -E  conftest.c
configure:3865: $? = 0
configure:3879: gcc -E  conftest.c
conftest.c:11:10: fatal error: ac_nonexistent.h: No such file or directory
   11 | #include <ac_nonexistent.h>
      |          ^~~~~~~~~~~~~~~~~~
compilation terminated.
configure:3879: $? = 1
configure: failed program was:
| /* confdefs.h */
| #define PACKAGE_NAME "xsoldier"
| #define PACKAGE_TARNAME "xsoldier"
| #define PACKAGE_VERSION "1.8"
| #define PACKAGE_STRING "xsoldier 1.8"
| #define PACKAGE_BUGREPORT "oohara@libra.interq.or.jp"
| #define PACKAGE_URL ""
| #define PACKAGE "xsoldier"
| #define VERSION "1.8"
| /* end confdefs.h.  */
| #include <ac_nonexistent.h>
configure:3904: result: gcc -E
configure:3924: gcc -E  conftest.c
configure:3924: $? = 0
configure:3938: gcc -E  conftest.c
conftest.c:11:10: fatal error: ac_nonexistent.h: No such file or directory
   11 | #include <ac_nonexistent.h>
      |          ^~~~~~~~~~~~~~~~~~
compilation terminated.
configure:3938: $? = 1
configure: failed program was:
| /* confdefs.h */
| #define PACKAGE_NAME "xsoldier"
| #define PACKAGE_TARNAME "xsoldier"
| #define PACKAGE_VERSION "1.8"
| #define PACKAGE_STRING "xsoldier 1.8"
| #define PACKAGE_BUGREPORT "oohara@libra.interq.or.jp"
| #define PACKAGE_URL ""
| #define PACKAGE "xsoldier"
| #define VERSION "1.8"
| /* end confdefs.h.  */
| #include <ac_nonexistent.h>
configure:3967: checking whether ln -s works
configure:3971: result: yes
configure:4011: checking for X
configure:4119: gcc -E  conftest.c
configure:4119: $? = 0
configure:4150: gcc -o conftest -g -O2   conftest.c -lX11  >&5
configure:4150: $? = 0
configure:4200: result: libraries , headers 
configure:4299: gcc -o conftest -g -O2   conftest.c   -lX11 >&5
configure:4299: $? = 0
configure:4397: checking for gethostbyname
configure:4397: gcc -o conftest -g -O2   conftest.c  >&5
configure:4397: $? = 0
configure:4397: result: yes
configure:4494: checking for connect
configure:4494: gcc -o conftest -g -O2   conftest.c  >&5
configure:4494: $? = 0
configure:4494: result: yes
configure:4543: checking for remove
configure:4543: gcc -o conftest -g -O2   conftest.c  >&5
configure:4543: $? = 0
configure:4543: result: yes
configure:4592: checking for shmat
configure:4592: gcc -o conftest -g -O2   conftest.c  >&5
configure:4592: $? = 0
configure:4592: result: yes
configure:4650: checking for IceConnectionNumber in -lICE
configure:4675: gcc -o conftest -g -O2   conftest.c -lICE   >&5
configure:4675: $? = 0
configure:4684: result: yes
configure:4698: checking for grep that handles long lines and -e
configure:4756: result: /usr/bin/grep
configure:4761: checking for egrep
configure:4823: result: /usr/bin/grep -E
configure:4828: checking for ANSI C header files
configure:4848: gcc -c -g -O2  conftest.c >&5
configure:4848: $? = 0
configure:4921: gcc -o conftest -g -O2   conftest.c  >&5
configure:4921: $? = 0
configure:4921: ./conftest
configure:4921: $? = 0
configure:4932: result: yes
configure:4945: checking for sys/types.h
configure:4945: gcc -c -g -O2  conftest.c >&5
configure:4945: $? = 0
configure:4945: result: yes
configure:4945: checking for sys/stat.h
configure:4945: gcc -c -g -O2  conftest.c >&5
configure:4945: $? = 0
configure:4945: result: yes
configure:4945: checking for stdlib.h
configure:4945: gcc -c -g -O2  conftest.c >&5
configure:4945: $? = 0
configure:4945: result: yes
configure:4945: checking for string.h
configure:4945: gcc -c -g -O2  conftest.c >&5
configure:4945: $? = 0
configure:4945: result: yes
configure:4945: checking for memory.h
configure:4945: gcc -c -g -O2  conftest.c >&5
configure:4945: $? = 0
configure:4945: result: yes
configure:4945: checking for strings.h
configure:4945: gcc -c -g -O2  conftest.c >&5
configure:4945: $? = 0
configure:4945: result: yes
configure:4945: checking for inttypes.h
configure:4945: gcc -c -g -O2  conftest.c >&5
configure:4945: $? = 0
configure:4945: result: yes
configure:4945: checking for stdint.h
configure:4945: gcc -c -g -O2  conftest.c >&5
configure:4945: $? = 0
configure:4945: result: yes
configure:4945: checking for unistd.h
configure:4945: gcc -c -g -O2  conftest.c >&5
configure:4945: $? = 0
configure:4945: result: yes
configure:4960: checking errno.h usability
configure:4960: gcc -c -g -O2  conftest.c >&5
configure:4960: $? = 0
configure:4960: result: yes
configure:4960: checking errno.h presence
configure:4960: gcc -E  conftest.c
configure:4960: $? = 0
configure:4960: result: yes
configure:4960: checking for errno.h
configure:4960: result: yes
configure:4960: checking fcntl.h usability
configure:4960: gcc -c -g -O2  conftest.c >&5
configure:4960: $? = 0
configure:4960: result: yes
configure:4960: checking fcntl.h presence
configure:4960: gcc -E  conftest.c
configure:4960: $? = 0
configure:4960: result: yes
configure:4960: checking for fcntl.h
configure:4960: result: yes
configure:4960: checking malloc.h usability
configure:4960: gcc -c -g -O2  conftest.c >&5
configure:4960: $? = 0
configure:4960: result: yes
configure:4960: checking malloc.h presence
configure:4960: gcc -E  conftest.c
configure:4960: $? = 0
configure:4960: result: yes
configure:4960: checking for malloc.h
configure:4960: result: yes
configure:4960: checking for stdlib.h
configure:4960: result: yes
configure:4960: checking for string.h
configure:4960: result: yes
configure:4960: checking sys/ioctl.h usability
configure:4960: gcc -c -g -O2  conftest.c >&5
configure:4960: $? = 0
configure:4960: result: yes
configure:4960: checking sys/ioctl.h presence
configure:4960: gcc -E  conftest.c
configure:4960: $? = 0
configure:4960: result: yes
configure:4960: checking for sys/ioctl.h
configure:4960: result: yes
configure:4960: checking sys/time.h usability
configure:4960: gcc -c -g -O2  conftest.c >&5
configure:4960: $? = 0
configure:4960: result: yes
configure:4960: checking sys/time.h presence
configure:4960: gcc -E  conftest.c
configure:4960: $? = 0
configure:4960: result: yes
configure:4960: checking for sys/time.h
configure:4960: result: yes
configure:4960: checking for unistd.h
configure:4960: result: yes
configure:4972: checking for an ANSI C-conforming const
configure:5037: gcc -c -g -O2  conftest.c >&5
configure:5037: $? = 0
configure:5044: result: yes
configure:5052: checking for size_t
configure:5052: gcc -c -g -O2  conftest.c >&5
configure:5052: $? = 0
configure:5052: gcc -c -g -O2  conftest.c >&5
conftest.c: In function 'main':
conftest.c:65:21: error: expected expression before ')' token
   65 | if (sizeof ((size_t)))
      |                     ^
configure:5052: $? = 1
configure: failed program was:
| /* confdefs.h */
| #define PACKAGE_NAME "xsoldier"
| #define PACKAGE_TARNAME "xsoldier"
| #define PACKAGE_VERSION "1.8"
| #define PACKAGE_STRING "xsoldier 1.8"
| #define PACKAGE_BUGREPORT "oohara@libra.interq.or.jp"
| #define PACKAGE_URL ""
| #define PACKAGE "xsoldier"
| #define VERSION "1.8"
| #define STDC_HEADERS 1
| #define HAVE_SYS_TYPES_H 1
| #define HAVE_SYS_STAT_H 1
| #define HAVE_STDLIB_H 1
| #define HAVE_STRING_H 1
| #define HAVE_MEMORY_H 1
| #define HAVE_STRINGS_H 1
| #define HAVE_INTTYPES_H 1
| #define HAVE_STDINT_H 1
| #define HAVE_UNISTD_H 1
| #define HAVE_ERRNO_H 1
| #define HAVE_FCNTL_H 1
| #define HAVE_MALLOC_H 1
| #define HAVE_STDLIB_H 1
| #define HAVE_STRING_H 1
| #define HAVE_SYS_IOCTL_H 1
| #define HAVE_SYS_TIME_H 1
| #define HAVE_UNISTD_H 1
| /* end confdefs.h.  */
| #include <stdio.h>
| #ifdef HAVE_SYS_TYPES_H
| # include <sys/types.h>
| #endif
| #ifdef HAVE_SYS_STAT_H
| # include <sys/stat.h>
| #endif
| #ifdef STDC_HEADERS
| # include <stdlib.h>
| # include <stddef.h>
| #else
| # ifdef HAVE_STDLIB_H
| #  include <stdlib.h>
| # endif
| #endif
| #ifdef HAVE_STRING_H
| # if !defined STDC_HEADERS && defined HAVE_MEMORY_H
| #  include <memory.h>
| # endif
| # include <string.h>
| #endif
| #ifdef HAVE_STRINGS_H
| # include <strings.h>
| #endif
| #ifdef HAVE_INTTYPES_H
| # include <inttypes.h>
| #endif
| #ifdef HAVE_STDINT_H
| # include <stdint.h>
| #endif
| #ifdef HAVE_UNISTD_H
| # include <unistd.h>
| #endif
| int
| main ()
| {
| if (sizeof ((size_t)))
| 	    return 0;
|   ;
|   return 0;
| }
configure:5052: result: yes
configure:5067: checking whether gcc needs -traditional
configure:5101: result: no
configure:5110: checking for stdlib.h
configure:5110: result: yes
configure:5120: checking for GNU libc compatible malloc
configure:5144: gcc -o conftest -g -O2   conftest.c  >&5
configure:5144: $? = 0
configure:5144: ./conftest
configure:5144: $? = 0
configure:5154: result: yes
configure:5178: checking for atexit
configure:5178: gcc -o conftest -g -O2   conftest.c  >&5
configure:5178: $? = 0
configure:5178: result: yes
configure:5178: checking for memset
configure:5178: gcc -o conftest -g -O2   conftest.c  >&5
conftest.c:55:6: warning: conflicting types for built-in function 'memset'; expected 'void *(void *, int,  long unsigned int)' [-Wbuiltin-declaration-mismatch]
   55 | char memset ();
      |      ^~~~~~
conftest.c:43:1: note: 'memset' is declared in header '<string.h>'
   42 | # include <limits.h>
   43 | #else
configure:5178: $? = 0
configure:5178: result: yes
configure:5178: checking for strrchr
configure:5178: gcc -o conftest -g -O2   conftest.c  >&5
conftest.c:56:6: warning: conflicting types for built-in function 'strrchr'; expected 'char *(const char *, int)' [-Wbuiltin-declaration-mismatch]
   56 | char strrchr ();
      |      ^~~~~~~
conftest.c:44:1: note: 'strrchr' is declared in header '<string.h>'
   43 | # include <limits.h>
   44 | #else
configure:5178: $? = 0
configure:5178: result: yes
configure:5178: checking for rand
configure:5178: gcc -o conftest -g -O2   conftest.c  >&5
configure:5178: $? = 0
configure:5178: result: yes
configure:5370: creating ./config.status

## ---------------------- ##
## Running config.status. ##
## ---------------------- ##

This file was extended by xsoldier config.status 1.8, which was
generated by GNU Autoconf 2.68.  Invocation command line was

  CONFIG_FILES    = 
  CONFIG_HEADERS  = 
  CONFIG_LINKS    = 
  CONFIG_COMMANDS = 
  $ ./config.status 

on south

config.status:883: creating Makefile
config.status:883: creating config.h
config.status:1112: executing depfiles commands

## ---------------- ##
## Cache variables. ##
## ---------------- ##

ac_cv_c_compiler_gnu=yes
ac_cv_c_const=yes
ac_cv_env_CC_set=
ac_cv_env_CC_value=
ac_cv_env_CFLAGS_set=
ac_cv_env_CFLAGS_value=
ac_cv_env_CPPFLAGS_set=
ac_cv_env_CPPFLAGS_value=
ac_cv_env_CPP_set=
ac_cv_env_CPP_value=
ac_cv_env_LDFLAGS_set=
ac_cv_env_LDFLAGS_value=
ac_cv_env_LIBS_set=
ac_cv_env_LIBS_value=
ac_cv_env_MY_X_LIBS_set=
ac_cv_env_MY_X_LIBS_value=
ac_cv_env_SDL_CFLAGS_set=
ac_cv_env_SDL_CFLAGS_value=
ac_cv_env_SDL_LIBS_set=
ac_cv_env_SDL_LIBS_value=
ac_cv_env_XMKMF_set=
ac_cv_env_XMKMF_value=
ac_cv_env_build_alias_set=
ac_cv_env_build_alias_value=
ac_cv_env_host_alias_set=
ac_cv_env_host_alias_value=
ac_cv_env_target_alias_set=
ac_cv_env_target_alias_value=
ac_cv_func_atexit=yes
ac_cv_func_connect=yes
ac_cv_func_gethostbyname=yes
ac_cv_func_malloc_0_nonnull=yes
ac_cv_func_memset=yes
ac_cv_func_rand=yes
ac_cv_func_remove=yes
ac_cv_func_shmat=yes
ac_cv_func_strrchr=yes
ac_cv_have_x='have_x=yes	ac_x_includes='\'''\''	ac_x_libraries='\'''\'''
ac_cv_header_errno_h=yes
ac_cv_header_fcntl_h=yes
ac_cv_header_inttypes_h=yes
ac_cv_header_malloc_h=yes
ac_cv_header_memory_h=yes
ac_cv_header_stdc=yes
ac_cv_header_stdint_h=yes
ac_cv_header_stdlib_h=yes
ac_cv_header_string_h=yes
ac_cv_header_strings_h=yes
ac_cv_header_sys_ioctl_h=yes
ac_cv_header_sys_stat_h=yes
ac_cv_header_sys_time_h=yes
ac_cv_header_sys_types_h=yes
ac_cv_header_unistd_h=yes
ac_cv_lib_ICE_IceConnectionNumber=yes
ac_cv_objext=o
ac_cv_path_EGREP='/usr/bin/grep -E'
ac_cv_path_GREP=/usr/bin/grep
ac_cv_path_install='/usr/bin/install -c'
ac_cv_path_mkdir=/usr/bin/mkdir
ac_cv_prog_AWK=gawk
ac_cv_prog_CPP='gcc -E'
ac_cv_prog_ac_ct_CC=gcc
ac_cv_prog_cc_c89=
ac_cv_prog_cc_g=yes
ac_cv_prog_gcc_traditional=no
ac_cv_prog_make_make_set=yes
ac_cv_type_size_t=yes
am_cv_CC_dependencies_compiler_type=gcc3
am_cv_prog_tar_ustar=gnutar

## ----------------- ##
## Output variables. ##
## ----------------- ##

ACLOCAL='${SHELL} /home/user/monorepo/xsoldier-1.8/missing --run aclocal-1.11'
AMDEPBACKSLASH='\'
AMDEP_FALSE='#'
AMDEP_TRUE=''
AMTAR='${SHELL} /home/user/monorepo/xsoldier-1.8/missing --run tar'
AUTOCONF='${SHELL} /home/user/monorepo/xsoldier-1.8/missing --run autoconf'
AUTOHEADER='${SHELL} /home/user/monorepo/xsoldier-1.8/missing --run autoheader'
AUTOMAKE='${SHELL} /home/user/monorepo/xsoldier-1.8/missing --run automake-1.11'
AWK='gawk'
CC='gcc'
CCDEPMODE='depmode=gcc3'
CFLAGS='-g -O2'
CPP='gcc -E'
CPPFLAGS=''
CYGPATH_W='echo'
DEFS='-DHAVE_CONFIG_H'
DEPDIR='.deps'
ECHO_C=''
ECHO_N='-n'
ECHO_T=''
EGREP='/usr/bin/grep -E'
EXEEXT=''
GREP='/usr/bin/grep'
INSTALL_DATA='${INSTALL} -m 644'
INSTALL_PROGRAM='${INSTALL}'
INSTALL_SCRIPT='${INSTALL}'
INSTALL_STRIP_PROGRAM='$(install_sh) -c -s'
LDFLAGS=' '
LIBOBJS=''
LIBS=' -lSM -lICE -lX11 -lXpm  '
LN_S='ln -s'
LTLIBOBJS=''
MAKEINFO='${SHELL} /home/user/monorepo/xsoldier-1.8/missing --run makeinfo'
MKDIR_P='/usr/bin/mkdir -p'
MY_X_LIBS='-lX11 -lXpm'
OBJEXT='o'
PACKAGE='xsoldier'
PACKAGE_BUGREPORT='oohara@libra.interq.or.jp'
PACKAGE_NAME='xsoldier'
PACKAGE_STRING='xsoldier 1.8'
PACKAGE_TARNAME='xsoldier'
PACKAGE_URL=''
PACKAGE_VERSION='1.8'
PATH_SEPARATOR=':'
SDL_CFLAGS=''
SDL_LIBS=''
SET_MAKE=''
SHELL='/bin/bash'
STRIP=''
VERSION='1.8'
XMKMF=''
X_CFLAGS=''
X_EXTRA_LIBS=''
X_LIBS=''
X_PRE_LIBS=' -lSM -lICE'
ac_ct_CC='gcc'
am__EXEEXT_FALSE=''
am__EXEEXT_TRUE='#'
am__fastdepCC_FALSE='#'
am__fastdepCC_TRUE=''
am__include='include'
am__isrc=''
am__leading_dot='.'
am__quote=''
am__tar='tar --format=ustar -chf - "$$tardir"'
am__untar='tar -xf -'
bindir='${exec_prefix}/bin'
build_alias=''
datadir='${datarootdir}'
datarootdir='${prefix}/share'
docdir='${datarootdir}/doc/${PACKAGE_TARNAME}'
dvidir='${docdir}'
exec_prefix='${prefix}'
host_alias=''
htmldir='${docdir}'
includedir='${prefix}/include'
infodir='${datarootdir}/info'
install_sh='${SHELL} /home/user/monorepo/xsoldier-1.8/install-sh'
libdir='${exec_prefix}/lib'
libexecdir='${exec_prefix}/libexec'
localedir='${datarootdir}/locale'
localstatedir='${prefix}/var'
mandir='${datarootdir}/man'
mkdir_p='/usr/bin/mkdir -p'
oldincludedir='/usr/include'
pdfdir='${docdir}'
prefix='/usr/local'
program_transform_name='s,x,x,'
psdir='${docdir}'
sbindir='${exec_prefix}/sbin'
sharedstatedir='${prefix}/com'
sysconfdir='${prefix}/etc'
target_alias=''

## ----------- ##
## confdefs.h. ##
## ----------- ##

/* confdefs.h */
#define PACKAGE_NAME "xsoldier"
#define PACKAGE_TARNAME "xsoldier"
#define PACKAGE_VERSION "1.8"
#define PACKAGE_STRING "xsoldier 1.8"
#define PACKAGE_BUGREPORT "oohara@libra.interq.or.jp"
#define PACKAGE_URL ""
#define PACKAGE "xsoldier"
#define VERSION "1.8"
#define STDC_HEADERS 1
#define HAVE_SYS_TYPES_H 1
#define HAVE_SYS_STAT_H 1
#define HAVE_STDLIB_H 1
#define HAVE_STRING_H 1
#define HAVE_MEMORY_H 1
#define HAVE_STRINGS_H 1
#define HAVE_INTTYPES_H 1
#define HAVE_STDINT_H 1
#define HAVE_UNISTD_H 1
#define HAVE_ERRNO_H 1
#define HAVE_FCNTL_H 1
#define HAVE_MALLOC_H 1
#define HAVE_STDLIB_H 1
#define HAVE_STRING_H 1
#define HAVE_SYS_IOCTL_H 1
#define HAVE_SYS_TIME_H 1
#define HAVE_UNISTD_H 1
#define HAVE_STDLIB_H 1
#define HAVE_MALLOC 1
#define HAVE_ATEXIT 1
#define HAVE_MEMSET 1
#define HAVE_STRRCHR 1
#define HAVE_RAND 1
#define DEBUG /**/

configure: exit 0
